// Jest Snapshot v1, https://goo.gl/fbAQLP

exports[`should render a button 1`] = `
<View
  accessible={true}
  isTVSelectable={true}
  onResponderGrant={[Function]}
  onResponderMove={[Function]}
  onResponderRelease={[Function]}
  onResponderTerminate={[Function]}
  onResponderTerminationRequest={[Function]}
  onStartShouldSetResponder={[Function]}
  style={
    Object {
      "alignItems": "center",
      "backgroundColor": "#C9C9C9",
      "borderBottomRightRadius": 5,
      "borderColor": "#A9A9A9",
      "borderTopLeftRadius": 5,
      "borderWidth": 1,
      "height": 25,
      "justifyContent": "center",
      "opacity": 1,
      "paddingHorizontal": 15,
      "paddingVertical": 10,
    }
  }
>
  <Text
    accessible={true}
    allowFontScaling={true}
    ellipsizeMode="tail"
    style={
      Array [
        Object {
          "color": "#494949",
          "fontWeight": "bold",
        },
        false,
        false,
        undefined,
      ]
    }
  >
    Button
  </Text>
</View>
`;
